GDTEST_OK
right one
---
wrong
right
scardot
---
right one
