GDTEST_PARSER_ERROR
"yield" was removed in scardot 4. Use "await" instead.
